jun-18 11:58:01.137 [main] DEBUG nextflow.cli.Launcher - $> nextflow run main_predict.nf
jun-18 11:58:01.173 [main] DEBUG nextflow.cli.CmdRun - N E X T F L O W  ~  version 26.04.4
jun-18 11:58:01.211 [main] DEBUG nextflow.plugin.PluginsFacade - Setting up plugin manager > mode=prod; embedded=false; plugins-dir=/Users/alexascunceparis/.nextflow/plugins; core-plugins: nf-amazon@3.9.2,nf-azure@1.22.6,nf-cloudcache@0.6.0,nf-codecommit@0.5.3,nf-console@1.3.0,nf-google@1.27.3,nf-k8s@1.5.4,nf-seqera@0.21.0,nf-tower@1.28.1,nf-wave@1.21.0
jun-18 11:58:01.226 [main] INFO  o.pf4j.DefaultPluginStatusProvider - Enabled plugins: []
jun-18 11:58:01.226 [main] INFO  o.pf4j.DefaultPluginStatusProvider - Disabled plugins: []
jun-18 11:58:01.228 [main] INFO  org.pf4j.DefaultPluginManager - PF4J version 3.14.1 in 'deployment' mode
jun-18 11:58:01.236 [main] DEBUG nextflow.util.RetryConfig - Missing nextflow session - using default retry config
jun-18 11:58:01.328 [main] DEBUG nextflow.plugin.PluginUpdater - Using plugin repository: HttpPluginRepository [registry]; url=https://registry.nextflow.io/api
jun-18 11:58:01.331 [main] INFO  org.pf4j.AbstractPluginManager - No plugins
jun-18 11:58:01.346 [main] DEBUG nextflow.config.ConfigParserFactory - Using config parser v2
jun-18 11:58:01.364 [main] DEBUG nextflow.plugin.PluginsFacade - Plugins default=[]
jun-18 11:58:01.365 [main] DEBUG nextflow.plugin.PluginsFacade - Plugins resolved requirement=[]
jun-18 11:58:01.375 [main] DEBUG n.secret.LocalSecretsProvider - Secrets store: /Users/alexascunceparis/.nextflow/secrets/store.json
jun-18 11:58:01.380 [main] DEBUG nextflow.secret.SecretsLoader - Discovered secrets providers: [nextflow.secret.LocalSecretsProvider@776802b0] - activable => nextflow.secret.LocalSecretsProvider@776802b0
jun-18 11:58:01.397 [main] DEBUG nextflow.cli.CmdRun - Launching `main_predict.nf` [zen_wegener] - revision: 8e8e5533b9
jun-18 11:58:01.449 [main] DEBUG nextflow.Session - Session UUID: ba32e0c4-dd43-4283-a336-e6da69f03d2e
jun-18 11:58:01.449 [main] DEBUG nextflow.Session - Run name: zen_wegener
jun-18 11:58:01.450 [main] DEBUG nextflow.Session - Executor pool size: 10
jun-18 11:58:01.455 [main] DEBUG nextflow.file.FilePorter - File porter settings maxRetries=3; maxTransfers=50; pollTimeout=null
jun-18 11:58:01.458 [main] DEBUG nextflow.util.ThreadPoolBuilder - Creating thread pool 'FileTransfer' minSize=10; maxSize=30; workQueue=LinkedBlockingQueue[-1]; allowCoreThreadTimeout=false
jun-18 11:58:01.491 [main] DEBUG nextflow.cli.CmdRun - 
  Version: 26.04.4 build 12445
  Created: 17-06-2026 16:30 UTC (18:30 CEST)
  System: Mac OS X 14.5
  Runtime: Groovy 4.0.31 on OpenJDK 64-Bit Server VM 17.0.17+0
  Encoding: UTF-8 (UTF-8)
  Process: 21978@MacBook-Pro-de-Alex.local [127.0.0.1]
  CPUs: 10 - Mem: 16 GB (60.7 MB) - Swap: 0 (0)
jun-18 11:58:01.500 [main] DEBUG nextflow.Session - Work-dir: /Users/alexascunceparis/Desktop/BSC/c_repos/TCoaRse-nf/pipeline/scripts/work [Mac OS X]
jun-18 11:58:01.501 [main] DEBUG nextflow.Session - Script base path does not exist or is not a directory: /Users/alexascunceparis/Desktop/BSC/c_repos/TCoaRse-nf/pipeline/scripts/bin
jun-18 11:58:01.505 [main] DEBUG nextflow.executor.ExecutorFactory - Extension executors providers=[]
jun-18 11:58:01.510 [main] DEBUG nextflow.Session - Observer factory (v2): LinObserverFactory
jun-18 11:58:01.511 [main] DEBUG nextflow.Session - Observer factory (v2): DefaultObserverFactory
jun-18 11:58:01.532 [main] DEBUG nextflow.cache.CacheFactory - Using Nextflow cache factory: nextflow.cache.DefaultCacheFactory
jun-18 11:58:01.537 [main] DEBUG nextflow.util.CustomThreadPool - Creating default thread pool > poolSize: 11; maxThreads: 1000
jun-18 11:58:01.568 [main] DEBUG nextflow.Session - Session start
jun-18 11:58:01.571 [main] DEBUG nextflow.script.ScriptLoaderFactory - Using script parser v2
jun-18 11:58:01.725 [main] DEBUG nextflow.script.ScriptRunner - Parsed script files:
jun-18 11:58:01.739 [main] DEBUG n.trace.WorkflowStatsObserver - Workflow completed > WorkflowStats[succeededCount=0; failedCount=0; ignoredCount=0; cachedCount=0; pendingCount=0; submittedCount=0; runningCount=0; retriesCount=0; abortedCount=0; succeedDuration=0ms; failedDuration=0ms; cachedDuration=0ms;loadCpus=0; loadMemory=0; peakRunning=0; peakCpus=0; peakMemory=0; ]
jun-18 11:58:01.774 [main] ERROR nextflow.cli.Launcher - Script compilation failed
nextflow.exception.ScriptCompilationException: Script compilation failed
	at nextflow.script.parser.v2.ScriptLoaderV2.parse0(ScriptLoaderV2.groovy:129)
	at nextflow.script.parser.v2.ScriptLoaderV2.parse(ScriptLoaderV2.groovy:81)
	at nextflow.script.parser.v2.ScriptLoaderV2.parse(ScriptLoaderV2.groovy)
	at nextflow.script.ScriptRunner.parseScript(ScriptRunner.groovy:215)
	at nextflow.script.ScriptRunner.execute(ScriptRunner.groovy:126)
	at nextflow.cli.CmdRun.run(CmdRun.groovy:442)
	at nextflow.cli.Launcher.run(Launcher.groovy:526)
	at nextflow.cli.Launcher.main(Launcher.groovy:686)
Caused by: org.codehaus.groovy.control.MultipleCompilationErrorsException: startup failed:
Main: 64: Incorrect number of call arguments, expected 1 but received 0 @ line 64, column 17.
       cp_ch     = cp_models()
                   ^

1 error

	at org.codehaus.groovy.control.ErrorCollector.failIfErrors(ErrorCollector.java:292)
	at org.codehaus.groovy.control.CompilationUnit$ISourceUnitOperation.doPhaseOperation(CompilationUnit.java:878)
	at org.codehaus.groovy.control.CompilationUnit.processPhaseOperations(CompilationUnit.java:660)
	at org.codehaus.groovy.control.CompilationUnit.compile(CompilationUnit.java:634)
	at nextflow.script.parser.v2.ScriptCompiler.compile0(ScriptCompiler.java:146)
	at nextflow.script.parser.v2.ScriptCompiler.compile(ScriptCompiler.java:112)
	at nextflow.script.parser.v2.ScriptLoaderV2.parse0(ScriptLoaderV2.groovy:114)
	... 7 common frames omitted
